https://doc.ubuntu-fr.org/mysql

MySQL 5.7.6 and later:

    ALTER USER 'root'@'localhost' IDENTIFIED BY 'MyNewPass';
    
MySQL 5.7.5 and earlier:

    SET PASSWORD FOR 'root'@'localhost' = PASSWORD('MyNewPass');



****************** ERROR 1698 (28000): Access denied for user 'root'@'localhost' ************************
The reason is that recent Ubuntu installation (maybe others also), mysql is using by default the UNIX auth_socket plugin.
$ sudo mysql -u root # I had to use "sudo" since is new installation

mysql> USE mysql;
mysql> SELECT User, Host, plugin FROM mysql.user;

+------------------+-----------------------+
| User             | plugin                |
+------------------+-----------------------+
| root             | auth_socket           |
| mysql.sys        | mysql_native_password |
| debian-sys-maint | mysql_native_password |
+------------------+-----------------------+

There are 2 ways to solve this:

You can set the root user to use the mysql_native_password plugin
You can create a new db_user with you system_user (recommended)
Option 1:

$ sudo mysql -u root # I had to use "sudo" since is new installation

mysql> USE mysql;
mysql> UPDATE user SET plugin='mysql_native_password' WHERE User='root';
mysql> FLUSH PRIVILEGES;
mysql> exit;

$ service mysql restart
Option 2: (replace YOUR_SYSTEM_USER with the username you have)

$ sudo mysql -u root # I had to use "sudo" since is new installation

mysql> USE mysql;
mysql> CREATE USER 'YOUR_SYSTEM_USER'@'localhost' IDENTIFIED BY '';
mysql> GRANT ALL PRIVILEGES ON *.* TO 'YOUR_SYSTEM_USER'@'localhost';
mysql> UPDATE user SET plugin='auth_socket' WHERE User='YOUR_SYSTEM_USER';
mysql> FLUSH PRIVILEGES;
mysql> exit;

$ service mysql restart

